---
source: crates/board-tui/tests/linear/mod.rs
expression: frame
---
" Linear  AI Canvas Tools · view: Canvas board (unreadable) · space: Plugins · fetched 0s ago                            "
" ! Linear unavailable · view unreadable                                                                                 "
"┌ In Progress (1) ─────────────────────────────────────────────────────────────────────────────────────────────────────┐"
"│WEB-3312  ~stale  ⧉2                                                                                                  │"
"│Example issue: a saved item is empty after reload                                                                     │"
"│                                                                                                                      │"
"│unassigned                                                                                                            │"
"│                                                                                                                      │"
"│                                                                                                                      │"
"│                                                                                                                      │"
"│                                                                                                                      │"
"│                                                                                                                      │"
"│                                                                                                                      │"
"│                                                                                                                      │"
"│                                                                                                                      │"
"│                                                                                                                      │"
"│                                                                                                                      │"
"│                                                                                                                      │"
"│                                                                                                                      │"
"│                                                                                                                      │"
"│                                                                                                                      │"
"│                                                                                                                      │"
"│                                                                                                                      │"
"│                                                                                                                      │"
"│                                                                                                                      │"
"│                                                                                                                      │"
"│                                                                                                                      │"
"│                                                                                                                      │"
"└──────────────────────────────────────────────────────────────────────────────────────────────────────────────────────┘"
" Unmapped tabs (live tabs no binding claims)                                                                            "
"  Elsewhere (wA:t2) · no_binding · panes: wA:p9 unknown                                                                 "
"                                                                                                                        "
