---
source: crates/board-tui/tests/linear/mod.rs
expression: frame
---
" Linear  Frame Effects · view: Canvas board · space: Plugins · fetched 0s ago                                           "
" E┌ WEB-3302 — Example issue: a saved item is empty after reload ────────────────────────────────────────────────────┐  "
"┌ │state: In Progress · priority: P2 · assignee: Example User                                                        │─┐"
"│W│url: https://linear.app/example/issue/web-3302/x                                                                  │ │"
"│E│                                                                                                                  │ │"
"│a│[bound] $SANDBOX/worktrees/web-3302                                                                               │ │"
"│@│  tab: Plugin PM (wA:t1)                                                                                          │ │"
"│ │    wA:p1  idle                                                                                                   │ │"
"│ │  ▶ wA:p2  working                                                                                                │ │"
"│ │                                                                                                                  │ │"
"│ │                                                                                                                  │ │"
"│ │                                                                                                                  │ │"
"│ │                                                                                                                  │ │"
"│ │                                                                                                                  │ │"
"│ │                                                                                                                  │ │"
"│ │                                                                                                                  │ │"
"│ │                                                                                                                  │ │"
"│ │                                                                                                                  │ │"
"│ │                                                                                                                  │ │"
"│ │                                                                                                                  │ │"
"│ │                                                                                                                  │ │"
"│ │                                                                                                                  │ │"
"│ │                                                                                                                  │ │"
"│ │                                                                                                                  │ │"
"│ │                                                                                                                  │ │"
"│ │                                                                                                                  │ │"
"│ │                                                                                                                  │ │"
"└─│                                                                                                                  │─┘"
" S│                                                                                                                  │  "
"  │ j/k pane · o focus pane · u open in Linear · y copy path · b bind · Esc back                                     │  "
"  └──────────────────────────────────────────────────────────────────────────────────────────────────────────────────┘  "
"                                                                                                                        "
