---
source: crates/board-tui/tests/linear/mod.rs
expression: frame
---
" Linear  AI Can┌ Help — Linear mode ────────────────────────────────────────────────────────────────────┐               "
" Enter detail ·│board                                                                                  ▲│               "
"┌ Backlog (1) ─│  ←/→ h/l      focus column                                                            █│──────────────┐"
"│WEB-3318  P0  │  ↑/↓ k/j      focus card                                                              █│              │"
"│Example issue:│  Enter        card detail                                                             █│tem is empty  │"
"│an item is sti│  r / R        refresh snapshot                                                        █│              │"
"│@Example User │  ?            this help (any screen)                                                  █│              │"
"│              │  ↑/↓ k/j      scroll this help                                                        █│              │"
"│              │  q / Esc      quit                                                                    █│              │"
"│              │  click        open card / focus column                                                █│              │"
"│              │  wheel        focus card                                                              █│              │"
"│              │card detail                                                                            █│              │"
"│              │  ↑/↓ k/j      select pane                                                             █│              │"
"│              │  o            focus selected pane                                                     █│              │"
"│              │  u            open issue in Linear                                                    ││              │"
"│              │  y            copy worktree path                                                      ││              │"
"│              │  r / R        refresh snapshot                                                        ││              │"
"│              │  q / Esc      back to board                                                           ││              │"
"│              │not bound                                                                              ││              │"
"│              │  r / R        refresh after /work:bind                                                ││              │"
"│              │  q / Esc      quit                                                                    ││              │"
"│              │snapshot failed                                                                        ││              │"
"│              │  r / R        retry the snapshot                                                      ││              │"
"│              │  Esc          dismiss, keep last good                                                 ││              │"
"│              │  q            quit                                                                    ││              │"
"│              │daemon older than board                                                                ││              │"
"│              │  r / R        retry the snapshot                                                      ││              │"
"│              │  q / Esc      quit                                                                    ││              │"
"└──────────────│picker                                                                                 ││──────────────┘"
" Unmapped tabs │  type / Bksp  filter text; ? r q too                                                  ▼│               "
"  Elsewhere (wA│↑/↓ k/j scroll · 11 more below · any other key closes                                   │               "
"               └────────────────────────────────────────────────────────────────────────────────────────┘               "
