---
source: crates/board-tui/tests/linear/mod.rs
assertion_line: 288
expression: frame
---
" Linear  AI Canvas Tools · view: Canvas board · space: Plugins · fetched 0s ago                                         "
" Enter detail · r refresh · ? help · q quit                                                                             "
"┌ Backlog (1) ─┌ Help — Linear mode ────────────────────────────────────────────────────────────────────┐) ────────────┐"
"│WEB-3318  P0  │board                                                                                   │              │"
"│Example issue:│  ←/→ h/l      focus column                                                             │              │"
"│@Example User │  ↑/↓ k/j      focus card                                                               │              │"
"│              │  Enter        card detail                                                              │              │"
"│              │  r / R        refresh snapshot                                                         │              │"
"│              │  ?            this help (any screen)                                                   │              │"
"│              │  q / Esc      quit                                                                     │              │"
"│              │card detail                                                                             │              │"
"│              │  ↑/↓ k/j      select pane                                                              │              │"
"│              │  o            focus selected pane                                                      │              │"
"│              │  u            open issue in Linear                                                     │              │"
"│              │  y            copy worktree path                                                       │              │"
"│              │  r / R        refresh snapshot                                                         │              │"
"│              │  q / Esc      back to board                                                            │              │"
"│              │not bound                                                                               │              │"
"│              │  r / R        refresh after /work:bind                                                 │              │"
"│              │  q / Esc      quit                                                                     │              │"
"│              │snapshot failed                                                                         │              │"
"│              │  r / R        retry the snapshot                                                       │              │"
"│              │  Esc          dismiss, keep last good                                                  │              │"
"│              │  q            quit                                                                     │              │"
"│              │daemon older than board                                                                 │              │"
"│              │  r / R        retry the snapshot                                                       │              │"
"│              │  q / Esc      quit                                                                     │              │"
"│              │                                                                                        │              │"
"└──────────────│any key closes                                                                          │──────────────┘"
" Unmapped tabs └────────────────────────────────────────────────────────────────────────────────────────┘               "
"  Elsewhere (wA:t2) · no_binding · panes: wA:p9 working                                                                 "
"                                                                                                                        "
