---
source: crates/board-tui/tests/linear/mod.rs
expression: frame
---
" Linear  AI Canvas Tools · view: Canvas board · space: Plugins · fetch"
" Enter detail · r refresh · ? help · q quit                           "
" body too short for a card; make the pane taller                      "
"                                                                      "
" Spaces with no project · s select · t unmapped tabs                  "
"  every space is bound                                                "
"                                                                      "
