---
source: crates/board-tui/tests/linear/marks.rs
expression: frame
---
" WEB-101                                                                                                                                    "
" plugin unavailable: no linear issue fixture configured for WEB-101                                                                         "
"                                                                                                                                            "
"Example issue: the export dialog forgets its last folder                                                  Status    Todo                    "
"                                                                                                          Priority  P3                      "
"no description                                                                                            Assignee  —                       "
"                                                                                                          Labels    —                       "
"Activity                                                                                                  Project   —                       "
"nothing yet                                                                                               Milestone —                       "
"                                                                                                          Cycle     —                       "
"                                                                                                          Estimate  —                       "
"                                                                                                          Due       —                       "
"                                                                                                                                            "
"                                                                                                          Marks                             "
"                                                                                                          ? agent-a  which lane order?      "
"                                                                                                                                            "
"                                                                                                          Board                             "
"                                                                                                          not on this board                 "
"                                                                                                                                            "
"                                                                                                                                            "
"                                                                                                                                            "
"                                                                                                                                            "
"                                                                                                                                            "
"                                                                                                                                            "
"                                                                                                                                            "
"                                                                                                                                            "
"                                                                                                                                            "
"                                                                                                                                            "
"                                                                                                                                            "
"                                                                                                                                            "
"                                                                                                                                            "
"                                                                                                                                            "
"                                                                                                                                            "
"                                                                                                                                            "
"                                                                                                                                            "
"                                                                                                                                            "
"                                                                                                                                            "
"                                                                                                                                            "
"                                                                                                                                            "
" j/k move · Enter open · r retry · o focus pane · u Linear · y copy · b bind · Esc back                                                     "
