---
source: crates/board-tui/tests/linear/mod.rs
expression: frame
---
" Linear  AI Can┌ Help — Linear mode ────────────────────────────────────────────────────────────────────┐               "
" Enter detail ·│  o            focus selected pane                                                     ▲│               "
"┌ Backlog (1) ─│  u            open issue in Linear                                                    ││──────────────┐"
"│WEB-3318  P0  │  y            copy worktree path                                                      ││              │"
"│Example issue:│  r / R        refresh snapshot                                                        ││tem is empty  │"
"│an item is sti│  q / Esc      back to board                                                           ││              │"
"│@Example User │not bound                                                                              ││              │"
"│              │  r / R        refresh after /work:bind                                                ││              │"
"│              │  q / Esc      quit                                                                    █│              │"
"│              │snapshot failed                                                                        █│              │"
"│              │  r / R        retry the snapshot                                                      █│              │"
"│              │  Esc          dismiss, keep last good                                                 █│              │"
"│              │  q            quit                                                                    █│              │"
"│              │daemon older than board                                                                █│              │"
"│              │  r / R        retry the snapshot                                                      █│              │"
"│              │  q / Esc      quit                                                                    █│              │"
"│              │picker                                                                                 █│              │"
"│              │  type / Bksp  filter text; ? r q too                                                  █│              │"
"│              │  ↑/↓ Enter    move / choose                                                           █│              │"
"│              │  Esc          clear filter, then close                                                ││              │"
"│              │  click        choose that row                                                         ││              │"
"│              │herdr (your config)                                                                    ││              │"
"│              │  ctrl+b        prefix                                                                 ││              │"
"│              │  ctrl+alt+1..9 switch tab                                                             ││              │"
"│              │  ctrl+alt+t    new tab                                                                ││              │"
"│              │  ctrl+alt+q    close tab                                                              ││              │"
"│              │  ctrl+alt+w    workspace picker                                                       ││              │"
"└──────────────│  ctrl+alt+m    example-viewer: open-example                                           ││──────────────┘"
" Spaces with no│  ctrl+alt+k    example.picker: pick                                                   ││               "
"    Beta notes │  ctrl+alt+d    open the example dashboard                                             ▼│               "
"    Gamma docs │any other key closes                                                                    │               "
"               └────────────────────────────────────────────────────────────────────────────────────────┘               "
