---
source: crates/board-tui/tests/linear/mod.rs
expression: frame
---
"                                                                                                                        "
"                                                                                                                        "
"                                                                                                                        "
"                                                                                                                        "
"                                                                                                                        "
"                                                                                                                        "
"                                                                                                                        "
"                                                                                                                        "
"                                                                                                                        "
"               ┌ Not bound ─────────────────────────────────────────────────────────────────────────────┐               "
"               │Space Plugins (wA) is not bound to a Linear project.                                    │               "
"               │no workspace record exists                                                              │               "
"               │                                                                                        │               "
"               │Press s (or click a space below) to pick a project for it,                              │               "
"               │or run /work:bind in this space; then press r to refresh.                               │               "
"               │                                                                                        │               "
"               │s pick a space · r refresh · q quit                                                     │               "
"               └────────────────────────────────────────────────────────────────────────────────────────┘               "
"                                                                                                                        "
"                                                                                                                        "
"                                                                                                                        "
"                                                                                                                        "
"                                                                                                                        "
"                                                                                                                        "
"                                                                                                                        "
"                                                                                                                        "
"                                                                                                                        "
" Spaces with no project · s select · t unmapped tabs                                                                    "
"    Alpha work (wA)                                                                                                     "
"    Beta notes (wB)                                                                                                     "
"    Gamma docs (wC)                                                                                                     "
"                                                                                                                        "
