---
source: crates/board-tui/tests/linear/mod.rs
assertion_line: 212
expression: frame
---
" Linear  AI Canvas Tools · view: Canvas board · space: Plugins · fetched 0s ago                                         "
" ! mapping config: space=project tab=issue pane=session is not the default; rendering as default                        "
"┌ Backlog (1) ─────────┐┌ Todo (1) ────────────┐┌ In Progress (1) ─────┐┌ Dev Done (0) ────────┐┌ Done (0) ────────────┐"
"│WEB-3318  P0          ││WEB-3317  P3          ││WEB-3312  P2  ⧉2      ││                      ││                      │"
"│Example issue: a pane…││Example issue: a long…││Example issue: a save…││                      ││                      │"
"│@Example User         ││unassigned            ││@Example User         ││                      ││                      │"
"│                      ││                      ││                      ││                      ││                      │"
"│                      ││                      ││                      ││                      ││                      │"
"│                      ││                      ││                      ││                      ││                      │"
"│                      ││                      ││                      ││                      ││                      │"
"│                      ││                      ││                      ││                      ││                      │"
"│                      ││                      ││                      ││                      ││                      │"
"│                      ││                      ││                      ││                      ││                      │"
"│                      ││                      ││                      ││                      ││                      │"
"│                      ││                      ││                      ││                      ││                      │"
"│                      ││                      ││                      ││                      ││                      │"
"│                      ││                      ││                      ││                      ││                      │"
"│                      ││                      ││                      ││                      ││                      │"
"│                      ││                      ││                      ││                      ││                      │"
"│                      ││                      ││                      ││                      ││                      │"
"│                      ││                      ││                      ││                      ││                      │"
"│                      ││                      ││                      ││                      ││                      │"
"│                      ││                      ││                      ││                      ││                      │"
"│                      ││                      ││                      ││                      ││                      │"
"│                      ││                      ││                      ││                      ││                      │"
"│                      ││                      ││                      ││                      ││                      │"
"│                      ││                      ││                      ││                      ││                      │"
"│                      ││                      ││                      ││                      ││                      │"
"└──────────────────────┘└──────────────────────┘└──────────────────────┘└──────────────────────┘└──────────────────────┘"
" Unmapped tabs (live tabs no binding claims)                                                                            "
"  Elsewhere (wA:t2) · no_binding · panes: wA:p9 working                                                                 "
"                                                                                                                        "
