---
source: crates/board-tui/tests/linear/mod.rs
expression: frame
---
" Linear  AI Canvas Tools · view: Canvas board · space: wA · fetched 0s ago                                              "
" ! herdr unavailable                                                                                                    "
"┌ Backlog (1) ─────────────────────────┐┌ Todo (1) ────────────────────────────┐┌ In Progress (1) ─────────────────────┐"
"│WEB-3318  P0                          ││WEB-3317  P3                          ││WEB-3312  P2                          │"
"│Example issue: a panel is blank while ││Example issue: a long task stops when ││Example issue: a saved item is empty  │"
"│an item is still loading              ││its panel is closed                   ││after reload                          │"
"│@Example User                         ││unassigned                            ││@Example User                         │"
"│                                      ││                                      ││                                      │"
"│                                      ││                                      ││                                      │"
"│                                      ││                                      ││                                      │"
"│                                      ││                                      ││                                      │"
"│                                      ││                                      ││                                      │"
"│                                      ││                                      ││                                      │"
"│                                      ││                                      ││                                      │"
"│                                      ││                                      ││                                      │"
"│                                      ││                                      ││                                      │"
"│                                      ││                                      ││                                      │"
"│                                      ││                                      ││                                      │"
"│                                      ││                                      ││                                      │"
"│                                      ││                                      ││                                      │"
"│                                      ││                                      ││                                      │"
"│                                      ││                                      ││                                      │"
"│                                      ││                                      ││                                      │"
"│                                      ││                                      ││                                      │"
"│                                      ││                                      ││                                      │"
"│                                      ││                                      ││                                      │"
"│                                      ││                                      ││                                      │"
"│                                      ││                                      ││                                      │"
"│                                      ││                                      ││                                      │"
"│                                      ││                                      ││                                      │"
"└──────────────────────────────────────┘└──────────────────────────────────────┘└──────────────────────────────────────┘"
"                                                                                                                        "
