---
source: crates/board-tui/tests/linear/marks.rs
expression: frame
---
" Linear  Frame Effects · view: project issue"
" Enter detail · r refresh · ? help · q quit "
" [Frontend]  Backend                        "
"           1/4            In Progress 2 !3 ›"
"┌ Todo (4) ────────────────────────────────┐"
"│── Alpha 3 ───────────────────────────────│"
"│  WEB-101  P3                             │"
"│Example issue: the export dialog forgets  │"
"│its last folder                           │"
"│unassigned                                │"
"│                                          │"
"│  WEB-102  P3                             │"
"│Example issue: a toolbar icon is blurry on│"
"│a wide screen                             │"
"│unassigned                                │"
"│                                          │"
"│  WEB-103  P3                             │"
"│Example issue: the undo stack drops a     │"
"│rename                                    │"
"│unassigned                                │"
"│                                          │"
"│── Beta 1 ────────────────────────────────│"
"│  WEB-104  P3                             │"
"│Example issue: a long list scrolls past   │"
"│its last row                              │"
"│unassigned                                │"
"│                                          │"
"└──────────────────────────────────────────┘"
"◉ agent-b · WEB-105 …  a show · x dismiss +2"
"                                            "
