---
source: crates/board-tui/tests/linear/mod.rs
expression: frame
---
" Linear  AI Canvas Tools · view: Canvas board · space: Plugins · fetch"
" Enter detail · r refresh · ? help · q quit                           "
"┌ Backlog (1) · 1/5 ─────────────────────────────────────────────────┐"
"│WEB-3318  P0                                                        │"
"│Example issue: a panel is blank while an item is still loading      │"
"│                                                                    │"
"│@Example User                                                       │"
"│                                                                    │"
"│                                                                    │"
"│                                                                    │"
"│                                                                    │"
"│                                                                    │"
"│                                                                    │"
"│                                                                    │"
"│                                                                    │"
"└────────────────────────────────────────────────────────────────────┘"
" Spaces with no project · s select · t unmapped tabs                  "
"    Beta notes (wB)                                                   "
"    Gamma docs (wC)                                                   "
"                                                                      "
